Archive member included to satisfy reference by file (symbol)

c:/program files (x86)/atmel/studio/7.0/toolchain/avr8/avr8-gnu-toolchain/bin/../lib/gcc/avr/5.4.0/avr5\libgcc.a(_udivmodsi4.o)
                              LM35_program.o (__udivmodsi4)
c:/program files (x86)/atmel/studio/7.0/toolchain/avr8/avr8-gnu-toolchain/bin/../lib/gcc/avr/5.4.0/avr5\libgcc.a(_exit.o)
                              C:/Program Files (x86)/Atmel/Studio/7.0/Packs/atmel/ATmega_DFP/1.7.374/gcc/dev/atmega32/avr5/crtatmega32.o (exit)
c:/program files (x86)/atmel/studio/7.0/toolchain/avr8/avr8-gnu-toolchain/bin/../lib/gcc/avr/5.4.0/avr5\libgcc.a(_copy_data.o)
                              GLOBAL.o (__do_copy_data)
c:/program files (x86)/atmel/studio/7.0/toolchain/avr8/avr8-gnu-toolchain/bin/../lib/gcc/avr/5.4.0/avr5\libgcc.a(_clear_bss.o)
                              EXTI_Program.o (__do_clear_bss)
c:/program files (x86)/atmel/studio/7.0/toolchain/avr8/avr8-gnu-toolchain/bin/../lib/gcc/avr/5.4.0/avr5\libgcc.a(_umulhisi3.o)
                              LM35_program.o (__umulhisi3)

Discarded input sections

 .data          0x00000000        0x0 C:/Program Files (x86)/Atmel/Studio/7.0/Packs/atmel/ATmega_DFP/1.7.374/gcc/dev/atmega32/avr5/crtatmega32.o
 .bss           0x00000000        0x0 C:/Program Files (x86)/Atmel/Studio/7.0/Packs/atmel/ATmega_DFP/1.7.374/gcc/dev/atmega32/avr5/crtatmega32.o
 .text          0x00000000        0x0 ADC_program.o
 .data          0x00000000        0x0 ADC_program.o
 .bss           0x00000000        0x0 ADC_program.o
 .text          0x00000000        0x0 DIO_Program.o
 .data          0x00000000        0x0 DIO_Program.o
 .bss           0x00000000        0x0 DIO_Program.o
 .text.DIO_u8GetPinValue
                0x00000000       0x7c DIO_Program.o
 .text.DIO_u8SetPortDirection
                0x00000000       0x38 DIO_Program.o
 .text.DIO_u8SetPortValue
                0x00000000       0x38 DIO_Program.o
 .text.DIO_u8GetPortValue
                0x00000000       0x3c DIO_Program.o
 .text          0x00000000        0x0 EEPROM.o
 .data          0x00000000        0x0 EEPROM.o
 .bss           0x00000000        0x0 EEPROM.o
 .text          0x00000000        0x0 EXTI_Program.o
 .data          0x00000000        0x0 EXTI_Program.o
 .bss           0x00000000        0x0 EXTI_Program.o
 .text.EXTI_voidPeripheralINT_disable
                0x00000000       0x2e EXTI_Program.o
 .text          0x00000000        0x0 GIE_program.o
 .data          0x00000000        0x0 GIE_program.o
 .bss           0x00000000        0x0 GIE_program.o
 .text.GIE_Disable
                0x00000000        0x8 GIE_program.o
 .text          0x00000000        0x0 GLOBAL.o
 .data          0x00000000        0x0 GLOBAL.o
 .bss           0x00000000        0x0 GLOBAL.o
 .text          0x00000000        0x0 LM35_program.o
 .data          0x00000000        0x0 LM35_program.o
 .bss           0x00000000        0x0 LM35_program.o
 .text          0x00000000        0x0 main.o
 .data          0x00000000        0x0 main.o
 .bss           0x00000000        0x0 main.o
 .text          0x00000000        0x0 SS_Program.o
 .data          0x00000000        0x0 SS_Program.o
 .bss           0x00000000        0x0 SS_Program.o
 .text          0x00000000        0x0 TIMER2_program.o
 .data          0x00000000        0x0 TIMER2_program.o
 .bss           0x00000000        0x0 TIMER2_program.o
 .text          0x00000000        0x0 TIMERS_program.o
 .data          0x00000000        0x0 TIMERS_program.o
 .bss           0x00000000        0x0 TIMERS_program.o
 .text          0x00000000        0x0 c:/program files (x86)/atmel/studio/7.0/toolchain/avr8/avr8-gnu-toolchain/bin/../lib/gcc/avr/5.4.0/avr5\libgcc.a(_udivmodsi4.o)
 .data          0x00000000        0x0 c:/program files (x86)/atmel/studio/7.0/toolchain/avr8/avr8-gnu-toolchain/bin/../lib/gcc/avr/5.4.0/avr5\libgcc.a(_udivmodsi4.o)
 .bss           0x00000000        0x0 c:/program files (x86)/atmel/studio/7.0/toolchain/avr8/avr8-gnu-toolchain/bin/../lib/gcc/avr/5.4.0/avr5\libgcc.a(_udivmodsi4.o)
 .text.libgcc.mul
                0x00000000        0x0 c:/program files (x86)/atmel/studio/7.0/toolchain/avr8/avr8-gnu-toolchain/bin/../lib/gcc/avr/5.4.0/avr5\libgcc.a(_udivmodsi4.o)
 .text.libgcc   0x00000000        0x0 c:/program files (x86)/atmel/studio/7.0/toolchain/avr8/avr8-gnu-toolchain/bin/../lib/gcc/avr/5.4.0/avr5\libgcc.a(_udivmodsi4.o)
 .text.libgcc.prologue
                0x00000000        0x0 c:/program files (x86)/atmel/studio/7.0/toolchain/avr8/avr8-gnu-toolchain/bin/../lib/gcc/avr/5.4.0/avr5\libgcc.a(_udivmodsi4.o)
 .text.libgcc.builtins
                0x00000000        0x0 c:/program files (x86)/atmel/studio/7.0/toolchain/avr8/avr8-gnu-toolchain/bin/../lib/gcc/avr/5.4.0/avr5\libgcc.a(_udivmodsi4.o)
 .text.libgcc.fmul
                0x00000000        0x0 c:/program files (x86)/atmel/studio/7.0/toolchain/avr8/avr8-gnu-toolchain/bin/../lib/gcc/avr/5.4.0/avr5\libgcc.a(_udivmodsi4.o)
 .text.libgcc.fixed
                0x00000000        0x0 c:/program files (x86)/atmel/studio/7.0/toolchain/avr8/avr8-gnu-toolchain/bin/../lib/gcc/avr/5.4.0/avr5\libgcc.a(_udivmodsi4.o)
 .text          0x00000000        0x0 c:/program files (x86)/atmel/studio/7.0/toolchain/avr8/avr8-gnu-toolchain/bin/../lib/gcc/avr/5.4.0/avr5\libgcc.a(_exit.o)
 .data          0x00000000        0x0 c:/program files (x86)/atmel/studio/7.0/toolchain/avr8/avr8-gnu-toolchain/bin/../lib/gcc/avr/5.4.0/avr5\libgcc.a(_exit.o)
 .bss           0x00000000        0x0 c:/program files (x86)/atmel/studio/7.0/toolchain/avr8/avr8-gnu-toolchain/bin/../lib/gcc/avr/5.4.0/avr5\libgcc.a(_exit.o)
 .text.libgcc.mul
                0x00000000        0x0 c:/program files (x86)/atmel/studio/7.0/toolchain/avr8/avr8-gnu-toolchain/bin/../lib/gcc/avr/5.4.0/avr5\libgcc.a(_exit.o)
 .text.libgcc.div
                0x00000000        0x0 c:/program files (x86)/atmel/studio/7.0/toolchain/avr8/avr8-gnu-toolchain/bin/../lib/gcc/avr/5.4.0/avr5\libgcc.a(_exit.o)
 .text.libgcc   0x00000000        0x0 c:/program files (x86)/atmel/studio/7.0/toolchain/avr8/avr8-gnu-toolchain/bin/../lib/gcc/avr/5.4.0/avr5\libgcc.a(_exit.o)
 .text.libgcc.prologue
                0x00000000        0x0 c:/program files (x86)/atmel/studio/7.0/toolchain/avr8/avr8-gnu-toolchain/bin/../lib/gcc/avr/5.4.0/avr5\libgcc.a(_exit.o)
 .text.libgcc.builtins
                0x00000000        0x0 c:/program files (x86)/atmel/studio/7.0/toolchain/avr8/avr8-gnu-toolchain/bin/../lib/gcc/avr/5.4.0/avr5\libgcc.a(_exit.o)
 .text.libgcc.fmul
                0x00000000        0x0 c:/program files (x86)/atmel/studio/7.0/toolchain/avr8/avr8-gnu-toolchain/bin/../lib/gcc/avr/5.4.0/avr5\libgcc.a(_exit.o)
 .text.libgcc.fixed
                0x00000000        0x0 c:/program files (x86)/atmel/studio/7.0/toolchain/avr8/avr8-gnu-toolchain/bin/../lib/gcc/avr/5.4.0/avr5\libgcc.a(_exit.o)
 .text          0x00000000        0x0 c:/program files (x86)/atmel/studio/7.0/toolchain/avr8/avr8-gnu-toolchain/bin/../lib/gcc/avr/5.4.0/avr5\libgcc.a(_copy_data.o)
 .data          0x00000000        0x0 c:/program files (x86)/atmel/studio/7.0/toolchain/avr8/avr8-gnu-toolchain/bin/../lib/gcc/avr/5.4.0/avr5\libgcc.a(_copy_data.o)
 .bss           0x00000000        0x0 c:/program files (x86)/atmel/studio/7.0/toolchain/avr8/avr8-gnu-toolchain/bin/../lib/gcc/avr/5.4.0/avr5\libgcc.a(_copy_data.o)
 .text.libgcc.mul
                0x00000000        0x0 c:/program files (x86)/atmel/studio/7.0/toolchain/avr8/avr8-gnu-toolchain/bin/../lib/gcc/avr/5.4.0/avr5\libgcc.a(_copy_data.o)
 .text.libgcc.div
                0x00000000        0x0 c:/program files (x86)/atmel/studio/7.0/toolchain/avr8/avr8-gnu-toolchain/bin/../lib/gcc/avr/5.4.0/avr5\libgcc.a(_copy_data.o)
 .text.libgcc   0x00000000        0x0 c:/program files (x86)/atmel/studio/7.0/toolchain/avr8/avr8-gnu-toolchain/bin/../lib/gcc/avr/5.4.0/avr5\libgcc.a(_copy_data.o)
 .text.libgcc.prologue
                0x00000000        0x0 c:/program files (x86)/atmel/studio/7.0/toolchain/avr8/avr8-gnu-toolchain/bin/../lib/gcc/avr/5.4.0/avr5\libgcc.a(_copy_data.o)
 .text.libgcc.builtins
                0x00000000        0x0 c:/program files (x86)/atmel/studio/7.0/toolchain/avr8/avr8-gnu-toolchain/bin/../lib/gcc/avr/5.4.0/avr5\libgcc.a(_copy_data.o)
 .text.libgcc.fmul
                0x00000000        0x0 c:/program files (x86)/atmel/studio/7.0/toolchain/avr8/avr8-gnu-toolchain/bin/../lib/gcc/avr/5.4.0/avr5\libgcc.a(_copy_data.o)
 .text.libgcc.fixed
                0x00000000        0x0 c:/program files (x86)/atmel/studio/7.0/toolchain/avr8/avr8-gnu-toolchain/bin/../lib/gcc/avr/5.4.0/avr5\libgcc.a(_copy_data.o)
 .text          0x00000000        0x0 c:/program files (x86)/atmel/studio/7.0/toolchain/avr8/avr8-gnu-toolchain/bin/../lib/gcc/avr/5.4.0/avr5\libgcc.a(_clear_bss.o)
 .data          0x00000000        0x0 c:/program files (x86)/atmel/studio/7.0/toolchain/avr8/avr8-gnu-toolchain/bin/../lib/gcc/avr/5.4.0/avr5\libgcc.a(_clear_bss.o)
 .bss           0x00000000        0x0 c:/program files (x86)/atmel/studio/7.0/toolchain/avr8/avr8-gnu-toolchain/bin/../lib/gcc/avr/5.4.0/avr5\libgcc.a(_clear_bss.o)
 .text.libgcc.mul
                0x00000000        0x0 c:/program files (x86)/atmel/studio/7.0/toolchain/avr8/avr8-gnu-toolchain/bin/../lib/gcc/avr/5.4.0/avr5\libgcc.a(_clear_bss.o)
 .text.libgcc.div
                0x00000000        0x0 c:/program files (x86)/atmel/studio/7.0/toolchain/avr8/avr8-gnu-toolchain/bin/../lib/gcc/avr/5.4.0/avr5\libgcc.a(_clear_bss.o)
 .text.libgcc   0x00000000        0x0 c:/program files (x86)/atmel/studio/7.0/toolchain/avr8/avr8-gnu-toolchain/bin/../lib/gcc/avr/5.4.0/avr5\libgcc.a(_clear_bss.o)
 .text.libgcc.prologue
                0x00000000        0x0 c:/program files (x86)/atmel/studio/7.0/toolchain/avr8/avr8-gnu-toolchain/bin/../lib/gcc/avr/5.4.0/avr5\libgcc.a(_clear_bss.o)
 .text.libgcc.builtins
                0x00000000        0x0 c:/program files (x86)/atmel/studio/7.0/toolchain/avr8/avr8-gnu-toolchain/bin/../lib/gcc/avr/5.4.0/avr5\libgcc.a(_clear_bss.o)
 .text.libgcc.fmul
                0x00000000        0x0 c:/program files (x86)/atmel/studio/7.0/toolchain/avr8/avr8-gnu-toolchain/bin/../lib/gcc/avr/5.4.0/avr5\libgcc.a(_clear_bss.o)
 .text.libgcc.fixed
                0x00000000        0x0 c:/program files (x86)/atmel/studio/7.0/toolchain/avr8/avr8-gnu-toolchain/bin/../lib/gcc/avr/5.4.0/avr5\libgcc.a(_clear_bss.o)
 .text          0x00000000        0x0 c:/program files (x86)/atmel/studio/7.0/toolchain/avr8/avr8-gnu-toolchain/bin/../lib/gcc/avr/5.4.0/avr5\libgcc.a(_umulhisi3.o)
 .data          0x00000000        0x0 c:/program files (x86)/atmel/studio/7.0/toolchain/avr8/avr8-gnu-toolchain/bin/../lib/gcc/avr/5.4.0/avr5\libgcc.a(_umulhisi3.o)
 .bss           0x00000000        0x0 c:/program files (x86)/atmel/studio/7.0/toolchain/avr8/avr8-gnu-toolchain/bin/../lib/gcc/avr/5.4.0/avr5\libgcc.a(_umulhisi3.o)
 .text.libgcc.div
                0x00000000        0x0 c:/program files (x86)/atmel/studio/7.0/toolchain/avr8/avr8-gnu-toolchain/bin/../lib/gcc/avr/5.4.0/avr5\libgcc.a(_umulhisi3.o)
 .text.libgcc   0x00000000        0x0 c:/program files (x86)/atmel/studio/7.0/toolchain/avr8/avr8-gnu-toolchain/bin/../lib/gcc/avr/5.4.0/avr5\libgcc.a(_umulhisi3.o)
 .text.libgcc.prologue
                0x00000000        0x0 c:/program files (x86)/atmel/studio/7.0/toolchain/avr8/avr8-gnu-toolchain/bin/../lib/gcc/avr/5.4.0/avr5\libgcc.a(_umulhisi3.o)
 .text.libgcc.builtins
                0x00000000        0x0 c:/program files (x86)/atmel/studio/7.0/toolchain/avr8/avr8-gnu-toolchain/bin/../lib/gcc/avr/5.4.0/avr5\libgcc.a(_umulhisi3.o)
 .text.libgcc.fmul
                0x00000000        0x0 c:/program files (x86)/atmel/studio/7.0/toolchain/avr8/avr8-gnu-toolchain/bin/../lib/gcc/avr/5.4.0/avr5\libgcc.a(_umulhisi3.o)
 .text.libgcc.fixed
                0x00000000        0x0 c:/program files (x86)/atmel/studio/7.0/toolchain/avr8/avr8-gnu-toolchain/bin/../lib/gcc/avr/5.4.0/avr5\libgcc.a(_umulhisi3.o)

Memory Configuration

Name             Origin             Length             Attributes
text             0x00000000         0x00008000         xr
data             0x00800060         0x00000800         rw !x
eeprom           0x00810000         0x00000400         rw !x
fuse             0x00820000         0x00000002         rw !x
lock             0x00830000         0x00000400         rw !x
signature        0x00840000         0x00000400         rw !x
user_signatures  0x00850000         0x00000400         rw !x
*default*        0x00000000         0xffffffff

Linker script and memory map

LOAD C:/Program Files (x86)/Atmel/Studio/7.0/Packs/atmel/ATmega_DFP/1.7.374/gcc/dev/atmega32/avr5/crtatmega32.o
LOAD ADC_program.o
LOAD DIO_Program.o
LOAD EEPROM.o
LOAD EXTI_Program.o
LOAD GIE_program.o
LOAD GLOBAL.o
LOAD LM35_program.o
LOAD main.o
LOAD SS_Program.o
LOAD TIMER2_program.o
LOAD TIMERS_program.o
START GROUP
LOAD c:/program files (x86)/atmel/studio/7.0/toolchain/avr8/avr8-gnu-toolchain/bin/../lib/gcc/avr/5.4.0/../../../../avr/lib/avr5\libm.a
END GROUP
START GROUP
LOAD c:/program files (x86)/atmel/studio/7.0/toolchain/avr8/avr8-gnu-toolchain/bin/../lib/gcc/avr/5.4.0/avr5\libgcc.a
LOAD c:/program files (x86)/atmel/studio/7.0/toolchain/avr8/avr8-gnu-toolchain/bin/../lib/gcc/avr/5.4.0/../../../../avr/lib/avr5\libm.a
LOAD c:/program files (x86)/atmel/studio/7.0/toolchain/avr8/avr8-gnu-toolchain/bin/../lib/gcc/avr/5.4.0/../../../../avr/lib/avr5\libc.a
LOAD C:/Program Files (x86)/Atmel/Studio/7.0/Packs/atmel/ATmega_DFP/1.7.374/gcc/dev/atmega32/avr5\libatmega32.a
END GROUP
                0x00000000                __TEXT_REGION_ORIGIN__ = DEFINED (__TEXT_REGION_ORIGIN__)?__TEXT_REGION_ORIGIN__:0x0
                [0x00800060]                __DATA_REGION_ORIGIN__ = DEFINED (__DATA_REGION_ORIGIN__)?__DATA_REGION_ORIGIN__:0x800060
                [0x00008000]                __TEXT_REGION_LENGTH__ = DEFINED (__TEXT_REGION_LENGTH__)?__TEXT_REGION_LENGTH__:0x20000
                [0x00000800]                __DATA_REGION_LENGTH__ = DEFINED (__DATA_REGION_LENGTH__)?__DATA_REGION_LENGTH__:0xffa0
                [0x00000400]                __EEPROM_REGION_LENGTH__ = DEFINED (__EEPROM_REGION_LENGTH__)?__EEPROM_REGION_LENGTH__:0x10000
                [0x00000002]                __FUSE_REGION_LENGTH__ = DEFINED (__FUSE_REGION_LENGTH__)?__FUSE_REGION_LENGTH__:0x400
                0x00000400                __LOCK_REGION_LENGTH__ = DEFINED (__LOCK_REGION_LENGTH__)?__LOCK_REGION_LENGTH__:0x400
                0x00000400                __SIGNATURE_REGION_LENGTH__ = DEFINED (__SIGNATURE_REGION_LENGTH__)?__SIGNATURE_REGION_LENGTH__:0x400
                0x00000400                __USER_SIGNATURE_REGION_LENGTH__ = DEFINED (__USER_SIGNATURE_REGION_LENGTH__)?__USER_SIGNATURE_REGION_LENGTH__:0x400

.hash
 *(.hash)

.dynsym
 *(.dynsym)

.dynstr
 *(.dynstr)

.gnu.version
 *(.gnu.version)

.gnu.version_d
 *(.gnu.version_d)

.gnu.version_r
 *(.gnu.version_r)

.rel.init
 *(.rel.init)

.rela.init
 *(.rela.init)

.rel.text
 *(.rel.text)
 *(.rel.text.*)
 *(.rel.gnu.linkonce.t*)

.rela.text
 *(.rela.text)
 *(.rela.text.*)
 *(.rela.gnu.linkonce.t*)

.rel.fini
 *(.rel.fini)

.rela.fini
 *(.rela.fini)

.rel.rodata
 *(.rel.rodata)
 *(.rel.rodata.*)
 *(.rel.gnu.linkonce.r*)

.rela.rodata
 *(.rela.rodata)
 *(.rela.rodata.*)
 *(.rela.gnu.linkonce.r*)

.rel.data
 *(.rel.data)
 *(.rel.data.*)
 *(.rel.gnu.linkonce.d*)

.rela.data
 *(.rela.data)
 *(.rela.data.*)
 *(.rela.gnu.linkonce.d*)

.rel.ctors
 *(.rel.ctors)

.rela.ctors
 *(.rela.ctors)

.rel.dtors
 *(.rel.dtors)

.rela.dtors
 *(.rela.dtors)

.rel.got
 *(.rel.got)

.rela.got
 *(.rela.got)

.rel.bss
 *(.rel.bss)

.rela.bss
 *(.rela.bss)

.rel.plt
 *(.rel.plt)

.rela.plt
 *(.rela.plt)

.text           0x00000000      0xe2a
 *(.vectors)
 .vectors       0x00000000       0x54 C:/Program Files (x86)/Atmel/Studio/7.0/Packs/atmel/ATmega_DFP/1.7.374/gcc/dev/atmega32/avr5/crtatmega32.o
                0x00000000                __vector_default
                0x00000000                __vectors
 *(.vectors)
 *(.progmem.gcc*)
                0x00000054                . = ALIGN (0x2)
                0x00000054                __trampolines_start = .
 *(.trampolines)
 .trampolines   0x00000054        0x0 linker stubs
 *(.trampolines*)
                0x00000054                __trampolines_end = .
 *libprintf_flt.a:*(.progmem.data)
 *libc.a:*(.progmem.data)
 *(.progmem*)
                0x00000054                . = ALIGN (0x2)
 *(.jumptables)
 *(.jumptables*)
 *(.lowtext)
 *(.lowtext*)
                0x00000054                __ctors_start = .
 *(.ctors)
                0x00000054                __ctors_end = .
                0x00000054                __dtors_start = .
 *(.dtors)
                0x00000054                __dtors_end = .
 SORT(*)(.ctors)
 SORT(*)(.dtors)
 *(.init0)
 .init0         0x00000054        0x0 C:/Program Files (x86)/Atmel/Studio/7.0/Packs/atmel/ATmega_DFP/1.7.374/gcc/dev/atmega32/avr5/crtatmega32.o
                0x00000054                __init
 *(.init0)
 *(.init1)
 *(.init1)
 *(.init2)
 .init2         0x00000054        0xc C:/Program Files (x86)/Atmel/Studio/7.0/Packs/atmel/ATmega_DFP/1.7.374/gcc/dev/atmega32/avr5/crtatmega32.o
 *(.init2)
 *(.init3)
 *(.init3)
 *(.init4)
 .init4         0x00000060       0x16 c:/program files (x86)/atmel/studio/7.0/toolchain/avr8/avr8-gnu-toolchain/bin/../lib/gcc/avr/5.4.0/avr5\libgcc.a(_copy_data.o)
                0x00000060                __do_copy_data
 .init4         0x00000076       0x10 c:/program files (x86)/atmel/studio/7.0/toolchain/avr8/avr8-gnu-toolchain/bin/../lib/gcc/avr/5.4.0/avr5\libgcc.a(_clear_bss.o)
                0x00000076                __do_clear_bss
 *(.init4)
 *(.init5)
 *(.init5)
 *(.init6)
 *(.init6)
 *(.init7)
 *(.init7)
 *(.init8)
 *(.init8)
 *(.init9)
 .init9         0x00000086        0x8 C:/Program Files (x86)/Atmel/Studio/7.0/Packs/atmel/ATmega_DFP/1.7.374/gcc/dev/atmega32/avr5/crtatmega32.o
 *(.init9)
 *(.text)
 .text          0x0000008e        0x4 C:/Program Files (x86)/Atmel/Studio/7.0/Packs/atmel/ATmega_DFP/1.7.374/gcc/dev/atmega32/avr5/crtatmega32.o
                0x0000008e                __vector_12
                0x0000008e                __bad_interrupt
                0x0000008e                __vector_6
                0x0000008e                __vector_13
                0x0000008e                __vector_17
                0x0000008e                __vector_19
                0x0000008e                __vector_7
                0x0000008e                __vector_9
                0x0000008e                __vector_15
                0x0000008e                __vector_8
                0x0000008e                __vector_14
                0x0000008e                __vector_16
                0x0000008e                __vector_18
                0x0000008e                __vector_20
                0x00000092                . = ALIGN (0x2)
 *(.text.*)
 .text.ADC_voidInit
                0x00000092       0x26 ADC_program.o
                0x00000092                ADC_voidInit
 .text.ADC_u8StartConversion
                0x000000b8       0x34 ADC_program.o
                0x000000b8                ADC_u8StartConversion
 .text.DIO_u8SetPinDirection
                0x000000ec      0x106 DIO_Program.o
                0x000000ec                DIO_u8SetPinDirection
 .text.DIO_u8SetPinValue
                0x000001f2      0x106 DIO_Program.o
                0x000001f2                DIO_u8SetPinValue
 .text.eepromWrite
                0x000002f8       0x18 EEPROM.o
                0x000002f8                eepromWrite
 .text.eepromRead
                0x00000310       0x12 EEPROM.o
                0x00000310                eepromRead
 .text.EXTI_voidPeripheralINT_enable
                0x00000322       0xee EXTI_Program.o
                0x00000322                EXTI_voidPeripheralINT_enable
 .text.EXTI_u8CallBackFuntion
                0x00000410       0x3e EXTI_Program.o
                0x00000410                EXTI_u8CallBackFuntion
 .text.__vector_1
                0x0000044e       0x52 EXTI_Program.o
                0x0000044e                __vector_1
 .text.__vector_2
                0x000004a0       0x52 EXTI_Program.o
                0x000004a0                __vector_2
 .text.__vector_3
                0x000004f2       0x52 EXTI_Program.o
                0x000004f2                __vector_3
 .text.GIE_Enable
                0x00000544        0x8 GIE_program.o
                0x00000544                GIE_Enable
 .text.LM35_TEMP_SENSOR_ON
                0x0000054c       0x4a LM35_program.o
                0x0000054c                LM35_TEMP_SENSOR_ON
 .text.app_exit_five_sec_ctc_timer_two
                0x00000596       0x5a main.o
                0x00000596                app_exit_five_sec_ctc_timer_two
 .text.APP_INT2
                0x000005f0       0x34 main.o
                0x000005f0                APP_INT2
 .text.APP_INT0
                0x00000624       0x58 main.o
                0x00000624                APP_INT0
 .text.APP_INT1
                0x0000067c       0x58 main.o
                0x0000067c                APP_INT1
 .text.Heating_And_Cooling
                0x000006d4       0xd2 main.o
                0x000006d4                Heating_And_Cooling
 .text.Last_Ten_Readings_AVG
                0x000007a6       0x78 main.o
                0x000007a6                Last_Ten_Readings_AVG
 .text.app_temp_sense_hundred_ms_ctc_timer_zero
                0x0000081e       0xd2 main.o
                0x0000081e                app_temp_sense_hundred_ms_ctc_timer_zero
 .text.TEMP_OUT_SS
                0x000008f0       0x38 main.o
                0x000008f0                TEMP_OUT_SS
 .text.main     0x00000928      0x14c main.o
                0x00000928                main
 .text.SS_Init  0x00000a74       0x3e SS_Program.o
                0x00000a74                SS_Init
 .text.SS_DISPLAY
                0x00000ab2       0x76 SS_Program.o
                0x00000ab2                SS_DISPLAY
 .text.SS_SELECTED_DISPLAY
                0x00000b28       0x3a SS_Program.o
                0x00000b28                SS_SELECTED_DISPLAY
 .text.SS_DOUBLE_DIGIT_DISPLAY
                0x00000b62       0x80 SS_Program.o
                0x00000b62                SS_DOUBLE_DIGIT_DISPLAY
 .text.SS_ONE_SEC_BLINK
                0x00000be2       0x28 SS_Program.o
                0x00000be2                SS_ONE_SEC_BLINK
 .text.SS_OUT   0x00000c0a       0x1e SS_Program.o
                0x00000c0a                SS_OUT
 .text.TIMER2_voidInit
                0x00000c28       0x24 TIMER2_program.o
                0x00000c28                TIMER2_voidInit
 .text.TIMER2_u8CallBackFunction
                0x00000c4c       0x1e TIMER2_program.o
                0x00000c4c                TIMER2_u8CallBackFunction
 .text.__vector_4
                0x00000c6a       0x52 TIMER2_program.o
                0x00000c6a                __vector_4
 .text.__vector_5
                0x00000cbc       0x14 TIMER2_program.o
                0x00000cbc                __vector_5
 .text.TIMER0_voidInit
                0x00000cd0       0x24 TIMERS_program.o
                0x00000cd0                TIMER0_voidInit
 .text.TIMER0_u8CallBackFunction
                0x00000cf4       0x2c TIMERS_program.o
                0x00000cf4                TIMER0_u8CallBackFunction
 .text.__vector_10
                0x00000d20       0x52 TIMERS_program.o
                0x00000d20                __vector_10
 .text.__vector_11
                0x00000d72       0x52 TIMERS_program.o
                0x00000d72                __vector_11
 .text.libgcc.div
                0x00000dc4       0x44 c:/program files (x86)/atmel/studio/7.0/toolchain/avr8/avr8-gnu-toolchain/bin/../lib/gcc/avr/5.4.0/avr5\libgcc.a(_udivmodsi4.o)
                0x00000dc4                __udivmodsi4
 .text.libgcc.mul
                0x00000e08       0x1e c:/program files (x86)/atmel/studio/7.0/toolchain/avr8/avr8-gnu-toolchain/bin/../lib/gcc/avr/5.4.0/avr5\libgcc.a(_umulhisi3.o)
                0x00000e08                __umulhisi3
                0x00000e26                . = ALIGN (0x2)
 *(.fini9)
 .fini9         0x00000e26        0x0 c:/program files (x86)/atmel/studio/7.0/toolchain/avr8/avr8-gnu-toolchain/bin/../lib/gcc/avr/5.4.0/avr5\libgcc.a(_exit.o)
                0x00000e26                _exit
                0x00000e26                exit
 *(.fini9)
 *(.fini8)
 *(.fini8)
 *(.fini7)
 *(.fini7)
 *(.fini6)
 *(.fini6)
 *(.fini5)
 *(.fini5)
 *(.fini4)
 *(.fini4)
 *(.fini3)
 *(.fini3)
 *(.fini2)
 *(.fini2)
 *(.fini1)
 *(.fini1)
 *(.fini0)
 .fini0         0x00000e26        0x4 c:/program files (x86)/atmel/studio/7.0/toolchain/avr8/avr8-gnu-toolchain/bin/../lib/gcc/avr/5.4.0/avr5\libgcc.a(_exit.o)
 *(.fini0)
                0x00000e2a                _etext = .

.data           0x00800060        0x2 load address 0x00000e2a
                0x00800060                PROVIDE (__data_start, .)
 *(.data)
 *(.data*)
 .data.SET_TEMP
                0x00800060        0x1 GLOBAL.o
                0x00800060                SET_TEMP
 .data.CURRENT_TEMP
                0x00800061        0x1 GLOBAL.o
                0x00800061                CURRENT_TEMP
 *(.gnu.linkonce.d*)
 *(.rodata)
 *(.rodata*)
 *(.gnu.linkonce.r*)
                0x00800062                . = ALIGN (0x2)
                0x00800062                _edata = .
                0x00800062                PROVIDE (__data_end, .)

.bss            0x00800062       0x24
                0x00800062                PROVIDE (__bss_start, .)
 *(.bss)
 *(.bss*)
 .bss.Global_APP_INT2_ptrFunction
                0x00800062        0x2 EXTI_Program.o
 .bss.Global_APP_INT1_ptrFunction
                0x00800064        0x2 EXTI_Program.o
 .bss.Global_APP_INT0_ptrFunction
                0x00800066        0x2 EXTI_Program.o
 .bss.Heater_OnOff_switch
                0x00800068        0x1 GLOBAL.o
                0x00800068                Heater_OnOff_switch
 .bss.Heater_Blink_Counter
                0x00800069        0x4 GLOBAL.o
                0x00800069                Heater_Blink_Counter
 .bss.Heater_Led_Flag
                0x0080006d        0x1 GLOBAL.o
                0x0080006d                Heater_Led_Flag
 .bss.AVG_TEMP  0x0080006e        0x1 GLOBAL.o
                0x0080006e                AVG_TEMP
 .bss.Readings_Sum
                0x0080006f        0x4 GLOBAL.o
                0x0080006f                Readings_Sum
 .bss.Reading_Counter
                0x00800073        0x1 GLOBAL.o
                0x00800073                Reading_Counter
 .bss.CHANGE_IN_POWER_STATE_FLAG
                0x00800074        0x1 GLOBAL.o
                0x00800074                CHANGE_IN_POWER_STATE_FLAG
 .bss.ON_OFF    0x00800075        0x1 GLOBAL.o
                0x00800075                ON_OFF
 .bss.TEMP_SENSE_COUNTER
                0x00800076        0x4 GLOBAL.o
                0x00800076                TEMP_SENSE_COUNTER
 .bss.SS_EXIT_COUNTER
                0x0080007a        0x4 GLOBAL.o
                0x0080007a                SS_EXIT_COUNTER
 .bss.SET_TEMP_DOWN
                0x0080007e        0x1 GLOBAL.o
                0x0080007e                SET_TEMP_DOWN
 .bss.SET_TEMP_UP
                0x0080007f        0x1 GLOBAL.o
                0x0080007f                SET_TEMP_UP
 .bss.global_app_func_ctc
                0x00800080        0x2 TIMER2_program.o
 .bss.global_app_func_ovf
                0x00800082        0x2 TIMERS_program.o
 .bss.global_app_func_ctc
                0x00800084        0x2 TIMERS_program.o
 *(COMMON)
                0x00800086                PROVIDE (__bss_end, .)
                0x00000e2a                __data_load_start = LOADADDR (.data)
                0x00000e2c                __data_load_end = (__data_load_start + SIZEOF (.data))

.noinit         0x00800086        0x0
                [!provide]                PROVIDE (__noinit_start, .)
 *(.noinit*)
                [!provide]                PROVIDE (__noinit_end, .)
                0x00800086                _end = .
                [!provide]                PROVIDE (__heap_start, .)

.eeprom         0x00810000        0x0
 *(.eeprom*)
                0x00810000                __eeprom_end = .

.fuse
 *(.fuse)
 *(.lfuse)
 *(.hfuse)
 *(.efuse)

.lock
 *(.lock*)

.signature
 *(.signature*)

.user_signatures
 *(.user_signatures*)

.stab
 *(.stab)

.stabstr
 *(.stabstr)

.stab.excl
 *(.stab.excl)

.stab.exclstr
 *(.stab.exclstr)

.stab.index
 *(.stab.index)

.stab.indexstr
 *(.stab.indexstr)

.comment        0x00000000       0x30
 *(.comment)
 .comment       0x00000000       0x30 ADC_program.o
                                 0x31 (size before relaxing)
 .comment       0x00000030       0x31 DIO_Program.o
 .comment       0x00000030       0x31 EEPROM.o
 .comment       0x00000030       0x31 EXTI_Program.o
 .comment       0x00000030       0x31 GIE_program.o
 .comment       0x00000030       0x31 GLOBAL.o
 .comment       0x00000030       0x31 LM35_program.o
 .comment       0x00000030       0x31 main.o
 .comment       0x00000030       0x31 SS_Program.o
 .comment       0x00000030       0x31 TIMER2_program.o
 .comment       0x00000030       0x31 TIMERS_program.o

.note.gnu.avr.deviceinfo
                0x00000000       0x3c
 .note.gnu.avr.deviceinfo
                0x00000000       0x3c C:/Program Files (x86)/Atmel/Studio/7.0/Packs/atmel/ATmega_DFP/1.7.374/gcc/dev/atmega32/avr5/crtatmega32.o

.note.gnu.build-id
 *(.note.gnu.build-id)

.debug
 *(.debug)

.line
 *(.line)

.debug_srcinfo
 *(.debug_srcinfo)

.debug_sfnames
 *(.debug_sfnames)

.debug_aranges  0x00000000      0x258
 *(.debug_aranges)
 .debug_aranges
                0x00000000       0x28 ADC_program.o
 .debug_aranges
                0x00000028       0x48 DIO_Program.o
 .debug_aranges
                0x00000070       0x28 EEPROM.o
 .debug_aranges
                0x00000098       0x48 EXTI_Program.o
 .debug_aranges
                0x000000e0       0x28 GIE_program.o
 .debug_aranges
                0x00000108       0x18 GLOBAL.o
 .debug_aranges
                0x00000120       0x20 LM35_program.o
 .debug_aranges
                0x00000140       0x60 main.o
 .debug_aranges
                0x000001a0       0x48 SS_Program.o
 .debug_aranges
                0x000001e8       0x38 TIMER2_program.o
 .debug_aranges
                0x00000220       0x38 TIMERS_program.o

.debug_pubnames
 *(.debug_pubnames)

.debug_info     0x00000000     0x1c77
 *(.debug_info .gnu.linkonce.wi.*)
 .debug_info    0x00000000      0x4e6 C:/Program Files (x86)/Atmel/Studio/7.0/Packs/atmel/ATmega_DFP/1.7.374/gcc/dev/atmega32/avr5/crtatmega32.o
 .debug_info    0x000004e6       0xe2 ADC_program.o
 .debug_info    0x000005c8      0x25b DIO_Program.o
 .debug_info    0x00000823       0xd9 EEPROM.o
 .debug_info    0x000008fc      0x1bf EXTI_Program.o
 .debug_info    0x00000abb       0x98 GIE_program.o
 .debug_info    0x00000b53      0x171 GLOBAL.o
 .debug_info    0x00000cc4      0x10a LM35_program.o
 .debug_info    0x00000dce      0x7ac main.o
 .debug_info    0x0000157a      0x4af SS_Program.o
 .debug_info    0x00001a29      0x127 TIMER2_program.o
 .debug_info    0x00001b50      0x127 TIMERS_program.o

.debug_abbrev   0x00000000      0xc45
 *(.debug_abbrev)
 .debug_abbrev  0x00000000      0x4a3 C:/Program Files (x86)/Atmel/Studio/7.0/Packs/atmel/ATmega_DFP/1.7.374/gcc/dev/atmega32/avr5/crtatmega32.o
 .debug_abbrev  0x000004a3       0x98 ADC_program.o
 .debug_abbrev  0x0000053b       0x9a DIO_Program.o
 .debug_abbrev  0x000005d5       0x8b EEPROM.o
 .debug_abbrev  0x00000660       0xae EXTI_Program.o
 .debug_abbrev  0x0000070e       0x46 GIE_program.o
 .debug_abbrev  0x00000754       0x40 GLOBAL.o
 .debug_abbrev  0x00000794       0xae LM35_program.o
 .debug_abbrev  0x00000842       0xfb main.o
 .debug_abbrev  0x0000093d      0x14e SS_Program.o
 .debug_abbrev  0x00000a8b       0xf4 TIMER2_program.o
 .debug_abbrev  0x00000b7f       0xc6 TIMERS_program.o

.debug_line     0x00000000     0x1353
 *(.debug_line .debug_line.* .debug_line_end)
 .debug_line    0x00000000      0x116 C:/Program Files (x86)/Atmel/Studio/7.0/Packs/atmel/ATmega_DFP/1.7.374/gcc/dev/atmega32/avr5/crtatmega32.o
 .debug_line    0x00000116       0xc3 ADC_program.o
 .debug_line    0x000001d9      0x3d1 DIO_Program.o
 .debug_line    0x000005aa       0xef EEPROM.o
 .debug_line    0x00000699      0x2a9 EXTI_Program.o
 .debug_line    0x00000942       0x6b GIE_program.o
 .debug_line    0x000009ad       0x3a GLOBAL.o
 .debug_line    0x000009e7       0x85 LM35_program.o
 .debug_line    0x00000a6c      0x45d main.o
 .debug_line    0x00000ec9      0x29e SS_Program.o
 .debug_line    0x00001167       0xea TIMER2_program.o
 .debug_line    0x00001251      0x102 TIMERS_program.o

.debug_frame    0x00000000      0x560
 *(.debug_frame)
 .debug_frame   0x00000000       0x34 ADC_program.o
 .debug_frame   0x00000034       0x74 DIO_Program.o
 .debug_frame   0x000000a8       0x34 EEPROM.o
 .debug_frame   0x000000dc      0x14c EXTI_Program.o
 .debug_frame   0x00000228       0x34 GIE_program.o
 .debug_frame   0x0000025c       0x40 LM35_program.o
 .debug_frame   0x0000029c       0xa4 main.o
 .debug_frame   0x00000340       0x94 SS_Program.o
 .debug_frame   0x000003d4       0xa8 TIMER2_program.o
 .debug_frame   0x0000047c       0xe4 TIMERS_program.o

.debug_str      0x00000000      0x9d3
 *(.debug_str)
 .debug_str     0x00000000      0x196 C:/Program Files (x86)/Atmel/Studio/7.0/Packs/atmel/ATmega_DFP/1.7.374/gcc/dev/atmega32/avr5/crtatmega32.o
 .debug_str     0x00000196      0x1ac ADC_program.o
                                0x1d3 (size before relaxing)
 .debug_str     0x00000342      0x11e DIO_Program.o
                                0x284 (size before relaxing)
 .debug_str     0x00000460       0x60 EEPROM.o
                                0x1a9 (size before relaxing)
 .debug_str     0x000004c0      0x124 EXTI_Program.o
                                0x29c (size before relaxing)
 .debug_str     0x000005e4       0x2a GIE_program.o
                                0x190 (size before relaxing)
 .debug_str     0x0000060e       0xe2 GLOBAL.o
                                0x248 (size before relaxing)
 .debug_str     0x000006f0       0x5f LM35_program.o
                                0x1e8 (size before relaxing)
 .debug_str     0x0000074f      0x11f main.o
                                0x42b (size before relaxing)
 .debug_str     0x0000086e       0xad SS_Program.o
                                0x28d (size before relaxing)
 .debug_str     0x0000091b       0x8a TIMER2_program.o
                                0x21a (size before relaxing)
 .debug_str     0x000009a5       0x2e TIMERS_program.o
                                0x21c (size before relaxing)

.debug_loc      0x00000000     0x1127
 *(.debug_loc)
 .debug_loc     0x00000000       0x40 ADC_program.o
 .debug_loc     0x00000040      0x581 DIO_Program.o
 .debug_loc     0x000005c1       0x58 EEPROM.o
 .debug_loc     0x00000619      0x41b EXTI_Program.o
 .debug_loc     0x00000a34       0xea LM35_program.o
 .debug_loc     0x00000b1e      0x295 SS_Program.o
 .debug_loc     0x00000db3      0x16c TIMER2_program.o
 .debug_loc     0x00000f1f      0x208 TIMERS_program.o

.debug_macinfo
 *(.debug_macinfo)

.debug_weaknames
 *(.debug_weaknames)

.debug_funcnames
 *(.debug_funcnames)

.debug_typenames
 *(.debug_typenames)

.debug_varnames
 *(.debug_varnames)

.debug_pubtypes
 *(.debug_pubtypes)

.debug_ranges   0x00000000      0x1a0
 *(.debug_ranges)
 .debug_ranges  0x00000000       0x18 ADC_program.o
 .debug_ranges  0x00000018       0x38 DIO_Program.o
 .debug_ranges  0x00000050       0x18 EEPROM.o
 .debug_ranges  0x00000068       0x38 EXTI_Program.o
 .debug_ranges  0x000000a0       0x18 GIE_program.o
 .debug_ranges  0x000000b8       0x10 LM35_program.o
 .debug_ranges  0x000000c8       0x50 main.o
 .debug_ranges  0x00000118       0x38 SS_Program.o
 .debug_ranges  0x00000150       0x28 TIMER2_program.o
 .debug_ranges  0x00000178       0x28 TIMERS_program.o

.debug_macro
 *(.debug_macro)
OUTPUT(Electric Water Heater.elf elf32-avr)
LOAD linker stubs
